Sienkiewicz
Prus
Prus
Mickiewicz
Prus
Prus
Sienkiewicz
Sienkiewicz
Sienkiewicz
Mickiewicz
Sienkiewicz
Sienkiewicz
Sienkiewicz
Mickiewicz
Sienkiewicz
Mickiewicz
Prus
Sienkiewicz
Sienkiewicz
Mickiewicz
Prus
Mickiewicz
Mickiewicz
Mickiewicz
Sienkiewicz
Prus
Sienkiewicz
Prus
Mickiewicz
Prus
Sienkiewicz
Mickiewicz
Prus
Sienkiewicz
Mickiewicz
Mickiewicz
Mickiewicz
Prus
Prus
Mickiewicz
Prus
Mickiewicz
Sienkiewicz
Mickiewicz
Mickiewicz
Sienkiewicz
Sienkiewicz
Mickiewicz
Mickiewicz
Sienkiewicz
Mickiewicz
Mickiewicz
Prus
Sienkiewicz
Sienkiewicz
Mickiewicz
Prus
Sienkiewicz
Prus
Mickiewicz
Prus
Mickiewicz
Prus
Mickiewicz
Sienkiewicz
Sienkiewicz
Prus
Prus
Prus
Prus
Mickiewicz
Mickiewicz
Sienkiewicz
Mickiewicz
Sienkiewicz
Prus
Sienkiewicz
Sienkiewicz
Sienkiewicz
Prus
Sienkiewicz
Mickiewicz
Mickiewicz
Sienkiewicz
Mickiewicz
Mickiewicz
Sienkiewicz
Mickiewicz
Mickiewicz
Mickiewicz
Sienkiewicz
Mickiewicz
Sienkiewicz
Sienkiewicz
Mickiewicz
Sienkiewicz
Prus
Sienkiewicz
Sienkiewicz
Mickiewicz
